{
    "openapi": "3.0.0",
    "info": {},
    "paths": {
        "\/dummy": {},
        "\/path\/{id}\/{id2}": {
            "get": {
                "responses": {
                    "200": {
                        "description": "OK"
                    }
                }
            },
            "parameters": [
                {
                    "name": "id",
                    "in": "path",
                    "required": true,
                    "schema": {
                        "type": "integer"
                    }
                },
                {
                    "$ref": "#\/components\/schemas\/pathOutsideOperation"
                }
            ]
        },
        "\/reference": {
            "get": {
                "parameters": [
                    {
                        "$ref": "#\/components\/schemas\/dummyRef"
                    },
                    {
                        "name": "requestParam",
                        "in": "query",
                        "required": false,
                        "schema": {
                            "$ref": "#\/components\/schemas\/requestParam"
                        }
                    },
                    {
                        "name": "requestParamNullable",
                        "in": "query",
                        "required": false,
                        "schema": {
                            "allOf": [
                                {
                                    "$ref": "#\/components\/schemas\/requestParamNullableAllOf"
                                },
                                {
                                    "type": "null"
                                }
                            ],
                            "oneOf": [
                                {
                                    "$ref": "#\/components\/schemas\/requestParamNullableOneOf"
                                },
                                {
                                    "type": "null"
                                }
                            ],
                            "anyOf": [
                                {
                                    "$ref": "#\/components\/schemas\/requestParamNullableAnyOf"
                                },
                                {
                                    "type": "null"
                                }
                            ]
                        }
                    }
                ],
                "responses": {
                    "100": {
                        "$ref": "#\/components\/responses\/reference-100"
                    },
                    "101": {
                        "$ref": "#\/components\/responses\/reference-101"
                    },
                    "200": {
                        "description": "OK",
                        "content": {
                            "text\/html": {
                                "schema": {}
                            },
                            "text\/csv": {
                                "schema": {},
                                "examples": {
                                    "csv-1": {
                                        "value": "foo,bar"
                                    }
                                }
                            },
                            "application\/json": {
                                "schema": {
                                    "$ref": "#\/components\/schemas\/referenceModel"
                                },
                                "examples": {
                                    "example-1": {
                                        "$ref": "#\/components\/examples\/referenceModelExample"
                                    }
                                }
                            }
                        }
                    },
                    "201": {
                        "description": "created",
                        "content": {
                            "application\/json": {
                                "schema": {
                                    "type": "object",
                                    "properties": {
                                        "firstType": {
                                            "type": "string"
                                        },
                                        "subObject": {
                                            "$ref": "#\/components\/schemas\/subObject"
                                        }
                                    }
                                }
                            },
                            "application\/pdf": {}
                        }
                    }
                }
            },
            "post": {
                "requestBody": {
                    "content": {
                        "application\/json": {
                            "schema": {
                                "properties": {
                                    "dummy": {
                                        "$ref": "#\/components\/schemas\/requestBody"
                                    },
                                    "list": {
                                        "type": "array",
                                        "items": {
                                            "$ref": "#\/components\/schemas\/requestBodyListItem"
                                        }
                                    },
                                    "propertyWithAdditionalProperties": {
                                        "type": "object",
                                        "additionalProperties": {
                                            "$ref": "#\/components\/schemas\/additionalProperties"
                                        }
                                    }
                                }
                            }
                        }
                    }
                },
                "responses": {}
            }
        }
    },
    "components": {
        "responses": {
            "reference-101": {
                "description": "OK"
            }
        }
    }
}